../Core/Src/main.c:60:6:display7SEG	0	static
../Core/Src/main.c:66:6:update7SEG	8	static
../Core/Src/main.c:104:6:updateClockBuffer	8	static
../Core/Src/main.c:113:6:displayLedMatrix	8	static
../Core/Src/main.c:147:6:updateLEDMatrix	8	static
../Core/Src/main.c:249:6:shiftMatrix	0	static
../Core/Src/main.c:264:6:setTimer0	0	static
../Core/Src/main.c:268:6:timer_run	0	static
../Core/Src/main.c:343:6:SystemClock_Config	72	static,ignoring_inline_asm
../Core/Src/main.c:282:5:main	40	static,ignoring_inline_asm
../Core/Src/main.c:478:6:HAL_TIM_PeriodElapsedCallback	0	static
../Core/Src/main.c:487:6:Error_Handler	0	static,ignoring_inline_asm
